Nothing to build in platform 'design_1_wrapper'

03:20:24 **** Incremental Build of configuration Debug for project PsGPIO_Lchika ****
make all 
make --no-print-directory pre-build
a9-linaro-pre-build-step
' '
make --no-print-directory main-build
'Building file: ../src/helloworld.c'
'Invoking: ARM v7 gcc compiler'
arm-none-eabi-gcc -Wall -O0 -g3 -c -fmessage-length=0 -MT"src/helloworld.o" -mcpu=cortex-a9 -mfpu=vfpv3 -mfloat-abi=hard -IC:/Users/ivr/Documents/GitHub/Zybo_OV7670/Ps_GPIO_Lchika/design_1_wrapper/export/design_1_wrapper/sw/design_1_wrapper/standalone_domain/bspinclude/include -MMD -MP -MF"src/helloworld.d" -MT"src/helloworld.o" -o "src/helloworld.o" "../src/helloworld.c"
'Finished building: ../src/helloworld.c'
' '
'Building target: PsGPIO_Lchika.elf'
'Invoking: ARM v7 gcc linker'
arm-none-eabi-gcc -mcpu=cortex-a9 -mfpu=vfpv3 -mfloat-abi=hard -Wl,-build-id=none -specs=Xilinx.spec -Wl,-T -Wl,../src/lscript.ld -LC:/Users/ivr/Documents/GitHub/Zybo_OV7670/Ps_GPIO_Lchika/design_1_wrapper/export/design_1_wrapper/sw/design_1_wrapper/standalone_domain/bsplib/lib -o "PsGPIO_Lchika.elf"  ./src/helloworld.o ./src/platform.o   -Wl,--start-group,-lxil,-lgcc,-lc,--end-group
'Finished building target: PsGPIO_Lchika.elf'
' '
'Invoking: ARM v7 Print Size'
arm-none-eabi-size PsGPIO_Lchika.elf  |tee "PsGPIO_Lchika.elf.size"
   text	   data	    bss	    dec	    hex	filename
  26976	   1152	  22584	  50712	   c618	PsGPIO_Lchika.elf
'Finished building: PsGPIO_Lchika.elf.size'
' '
03:20:26 **** Build of configuration Debug for project PsGPIO_Lchika_system ****
make all 
Generating bif file for the system project
generate_system_bif.bat 65266 C:/Users/ivr/Documents/GitHub/Zybo_OV7670/Ps_GPIO_Lchika/design_1_wrapper/export/design_1_wrapper/design_1_wrapper.xpfm standalone_domain C:/Users/ivr/Documents/GitHub/Zybo_OV7670/Ps_GPIO_Lchika/PsGPIO_Lchika_system/Debug/system.bif
sdcard_gen --xpfm C:/Users/ivr/Documents/GitHub/Zybo_OV7670/Ps_GPIO_Lchika/design_1_wrapper/export/design_1_wrapper/design_1_wrapper.xpfm --sys_config design_1_wrapper --bif C:/Users/ivr/Documents/GitHub/Zybo_OV7670/Ps_GPIO_Lchika/PsGPIO_Lchika_system/Debug/system.bif --bitstream C:/Users/ivr/Documents/GitHub/Zybo_OV7670/Ps_GPIO_Lchika/PsGPIO_Lchika/_ide/bitstream/design_1_wrapper.bit --elf C:/Users/ivr/Documents/GitHub/Zybo_OV7670/Ps_GPIO_Lchika/PsGPIO_Lchika/Debug/PsGPIO_Lchika.elf,ps7_cortexa9_0
creating BOOT.BIN using C:/Users/ivr/Documents/GitHub/Zybo_OV7670/Ps_GPIO_Lchika/PsGPIO_Lchika/_ide/bitstream/design_1_wrapper.bit
Running C:/Xilinx/Vitis/2019.2/bin/bootgen  -image C:/Users/ivr/Documents/GitHub/Zybo_OV7670/Ps_GPIO_Lchika/PsGPIO_Lchika_system/Debug/sd_card_temp/boot.bif -w -o i BOOT.BIN
