03:20:24 **** Incremental Build of configuration Debug for project PsGPIO_Lchika ****
make all 
make --no-print-directory pre-build
a9-linaro-pre-build-step
' '
make --no-print-directory main-build
'Building file: ../src/helloworld.c'
'Invoking: ARM v7 gcc compiler'
arm-none-eabi-gcc -Wall -O0 -g3 -c -fmessage-length=0 -MT"src/helloworld.o" -mcpu=cortex-a9 -mfpu=vfpv3 -mfloat-abi=hard -IC:/Users/ivr/Documents/GitHub/Zybo_OV7670/Ps_GPIO_Lchika/design_1_wrapper/export/design_1_wrapper/sw/design_1_wrapper/standalone_domain/bspinclude/include -MMD -MP -MF"src/helloworld.d" -MT"src/helloworld.o" -o "src/helloworld.o" "../src/helloworld.c"
'Finished building: ../src/helloworld.c'
' '
'Building target: PsGPIO_Lchika.elf'
'Invoking: ARM v7 gcc linker'
arm-none-eabi-gcc -mcpu=cortex-a9 -mfpu=vfpv3 -mfloat-abi=hard -Wl,-build-id=none -specs=Xilinx.spec -Wl,-T -Wl,../src/lscript.ld -LC:/Users/ivr/Documents/GitHub/Zybo_OV7670/Ps_GPIO_Lchika/design_1_wrapper/export/design_1_wrapper/sw/design_1_wrapper/standalone_domain/bsplib/lib -o "PsGPIO_Lchika.elf"  ./src/helloworld.o ./src/platform.o   -Wl,--start-group,-lxil,-lgcc,-lc,--end-group
'Finished building target: PsGPIO_Lchika.elf'
' '
'Invoking: ARM v7 Print Size'
arm-none-eabi-size PsGPIO_Lchika.elf  |tee "PsGPIO_Lchika.elf.size"
   text	   data	    bss	    dec	    hex	filename
  26976	   1152	  22584	  50712	   c618	PsGPIO_Lchika.elf
'Finished building: PsGPIO_Lchika.elf.size'
' '

03:20:26 Build Finished (took 1s.98ms)

