Nothing to build in platform 'design_1_wrapper'

03:34:09 **** Incremental Build of configuration Debug for project AXIGPIO ****
make all 
make --no-print-directory pre-build
a9-linaro-pre-build-step
' '
make --no-print-directory main-build
'Building file: ../src/helloworld.c'
'Invoking: ARM v7 gcc compiler'
arm-none-eabi-gcc -Wall -O0 -g3 -c -fmessage-length=0 -MT"src/helloworld.o" -mcpu=cortex-a9 -mfpu=vfpv3 -mfloat-abi=hard -IC:/Users/ivr/Documents/GitHub/Zybo_OV7670/Ps_AXIPLGPIO_Lchika/design_1_wrapper/export/design_1_wrapper/sw/design_1_wrapper/standalone_domain/bspinclude/include -MMD -MP -MF"src/helloworld.d" -MT"src/helloworld.o" -o "src/helloworld.o" "../src/helloworld.c"
'Finished building: ../src/helloworld.c'
' '
'Building target: AXIGPIO.elf'
'Invoking: ARM v7 gcc linker'
arm-none-eabi-gcc -mcpu=cortex-a9 -mfpu=vfpv3 -mfloat-abi=hard -Wl,-build-id=none -specs=Xilinx.spec -Wl,-T -Wl,../src/lscript.ld -LC:/Users/ivr/Documents/GitHub/Zybo_OV7670/Ps_AXIPLGPIO_Lchika/design_1_wrapper/export/design_1_wrapper/sw/design_1_wrapper/standalone_domain/bsplib/lib -o "AXIGPIO.elf"  ./src/helloworld.o ./src/platform.o   -Wl,--start-group,-lxil,-lgcc,-lc,--end-group
'Finished building target: AXIGPIO.elf'
' '
'Invoking: ARM v7 Print Size'
arm-none-eabi-size AXIGPIO.elf  |tee "AXIGPIO.elf.size"
   text	   data	    bss	    dec	    hex	filename
  20452	   1160	  22584	  44196	   aca4	AXIGPIO.elf
'Finished building: AXIGPIO.elf.size'
' '
03:34:11 **** Incremental Build of configuration Debug for project AXIGPIO_system ****
make all 
Generating bif file for the system project
generate_system_bif.bat 49242 C:/Users/ivr/Documents/GitHub/Zybo_OV7670/Ps_AXIPLGPIO_Lchika/design_1_wrapper/export/design_1_wrapper/design_1_wrapper.xpfm standalone_domain C:/Users/ivr/Documents/GitHub/Zybo_OV7670/Ps_AXIPLGPIO_Lchika/AXIGPIO_system/Debug/system.bif
sdcard_gen --xpfm C:/Users/ivr/Documents/GitHub/Zybo_OV7670/Ps_AXIPLGPIO_Lchika/design_1_wrapper/export/design_1_wrapper/design_1_wrapper.xpfm --sys_config design_1_wrapper --bif C:/Users/ivr/Documents/GitHub/Zybo_OV7670/Ps_AXIPLGPIO_Lchika/AXIGPIO_system/Debug/system.bif --bitstream C:/Users/ivr/Documents/GitHub/Zybo_OV7670/Ps_AXIPLGPIO_Lchika/AXIGPIO/_ide/bitstream/design_1_wrapper.bit --elf C:/Users/ivr/Documents/GitHub/Zybo_OV7670/Ps_AXIPLGPIO_Lchika/AXIGPIO/Debug/AXIGPIO.elf,ps7_cortexa9_0
creating BOOT.BIN using C:/Users/ivr/Documents/GitHub/Zybo_OV7670/Ps_AXIPLGPIO_Lchika/AXIGPIO/_ide/bitstream/design_1_wrapper.bit
Running C:/Xilinx/Vitis/2019.2/bin/bootgen  -image C:/Users/ivr/Documents/GitHub/Zybo_OV7670/Ps_AXIPLGPIO_Lchika/AXIGPIO_system/Debug/sd_card_temp/boot.bif -w -o i BOOT.BIN
